// Jest Snapshot v1, https://goo.gl/fbAQLP

exports[`Tests for <AddCategory /> component It should render correctly 1`] = `
<form
  onSubmit={[Function]}
>
  <p />
  <input
    onChange={[Function]}
    placeholder=""
    type="text"
  />
</form>
`;
